// Jest Snapshot v1, https://goo.gl/fbAQLP

exports[`Timeouts clearActiveTimeouts clears active timeouts 1`] = `undefined`;

exports[`Timeouts explodeDelay() should catch err and reject promise 1`] = `"Time given is too big"`;

exports[`Timeouts fillEmptyGridSpacesDelay should catch err and reject promise 1`] = `"Time given is too big"`;
